
> @prc/related-posts@1.0.0 build
> npm run build:blocks && npm run build:inspector-panel


> @prc/related-posts@1.0.0 build:blocks
> wp-scripts build --experimental-modules --webpack-copy-php && wp-scripts build-blocks-manifest

assets by chunk 3 KiB (name: related-posts-query/index)
  asset related-posts-query/index.js 2.82 KiB [emitted] [minimized] (name: related-posts-query/index)
  asset related-posts-query/index.asset.php 183 bytes [emitted] (name: related-posts-query/index)
assets by path related-posts-query/*.css 152 bytes
  asset related-posts-query/style-index-rtl.css 76 bytes [emitted] (name: related-posts-query/style-index) (id hint: style)
  asset related-posts-query/style-index.css 76 bytes [emitted] (name: related-posts-query/style-index) (id hint: style)
asset related-posts-query/class-related-posts-query.php 2.64 KiB [emitted] [from: src/related-posts-query/class-related-posts-query.php] [copied]
asset related-posts-query/block.json 1.44 KiB [emitted] [from: src/related-posts-query/block.json] [copied]
Entrypoint related-posts-query/index 3.14 KiB = related-posts-query/style-index.css 76 bytes related-posts-query/style-index-rtl.css 76 bytes related-posts-query/index.js 2.82 KiB related-posts-query/index.asset.php 183 bytes
orphan modules 6.29 KiB (javascript) 937 bytes (runtime) [orphan] 18 modules
runtime modules 2.51 KiB 3 modules
built modules 4.66 KiB (javascript) 75 bytes (css/mini-extract) [built]
  ./src/related-posts-query/index.js + 10 modules 4.66 KiB [not cacheable] [built] [code generated]
  css ../../node_modules/css-loader/dist/cjs.js??ruleSet[1].rules[3].use[1]!../../node_modules/postcss-loader/dist/cjs.js??ruleSet[1].rules[3].use[2]!../../node_modules/sass-loader/dist/cjs.js??ruleSet[1].rules[3].use[3]!./src/related-posts-query/style.scss 75 bytes [built] [code generated]
webpack 5.106.2 compiled successfully in 2342 ms

webpack 5.106.2 compiled successfully in 119 ms
Block metadata PHP file generated at: build/blocks-manifest.php

> @prc/related-posts@1.0.0 build:inspector-panel
> wp-scripts build --source-path=includes/inspector-sidebar-panel/src --output-path=includes/inspector-sidebar-panel/build

asset index.js 40.3 KiB [emitted] [minimized] (name: index)
asset index.asset.php 243 bytes [emitted] (name: index)
Entrypoint index 40.5 KiB = index.js 40.3 KiB index.asset.php 243 bytes
orphan modules 318 KiB [orphan] 348 modules
runtime modules 663 bytes 3 modules
built modules 103 KiB [built]
  modules by path ./includes/inspector-sidebar-panel/src/ 40.6 KiB
    ./includes/inspector-sidebar-panel/src/index.js + 8 modules 32.8 KiB [not cacheable] [built] [code generated]
    ./includes/inspector-sidebar-panel/src/ai-suggest-button.jsx 7.83 KiB [built] [code generated]
  external "prcComponents" 42 bytes [built] [code generated]
  external ["wp","i18n"] 42 bytes [built] [code generated]
  external ["wp","element"] 42 bytes [built] [code generated]
  external ["wp","data"] 42 bytes [built] [code generated]
  external "ReactJSXRuntime" 42 bytes [built] [code generated]
  external "React" 42 bytes [built] [code generated]
  ../../node_modules/@emotion/styled/dist/emotion-styled.browser.esm.j...(truncated) 62.2 KiB [built] [code generated]
  external ["wp","components"] 42 bytes [built] [code generated]
webpack 5.106.2 compiled successfully in 3886 ms
